<html>
<body>
<pre>
<h1>µVision Build Log</h1>
<h2>Tool Versions:</h2>
IDE-Version: µVision V5.43.1.0
Copyright (C) 2025 ARM Ltd and ARM Germany GmbH. All rights reserved.
License Information: Tomas vtomaas11@gmail.com, KTU, LIC=----
 
Tool Versions:
Toolchain:       MDK-Lite  Version: 5.43.0.0
Toolchain Path:  C:\Users\vtoma\AppData\Local\Keil_v5\ARM\ARMCLANG\Bin
C Compiler:      ArmClang.exe V6.24
Assembler:       Armasm.exe V6.24
Linker/Locator:  ArmLink.exe V6.24
Library Manager: ArmAr.exe V6.24
Hex Converter:   FromElf.exe V6.24
CPU DLL:         SARMCM3.DLL V5.43.0.0
Dialog DLL:      DCM.DLL V1.17.5.0
Target DLL:      STLink\ST-LINKIII-KEIL_SWO.dll V3.3.1.0
Dialog DLL:      TCM.DLL V1.56.6.0
 
<h2>Project:</h2>
C:\Users\vtoma\Desktop\3metai\3metai 2 semestras\iterptines\iterptiniuID\CubeMx\MDK-ARM\CubeMx.uvprojx
Project File Date:  05/17/2026

<h2>Output:</h2>
*** Using Compiler 'V6.24', folder: 'C:\Users\vtoma\AppData\Local\Keil_v5\ARM\ARMCLANG\Bin'
Rebuild target 'CubeMx'
assembling startup_stm32f446xx.s...
compiling stm32f4xx_hal_flash_ramfunc.c...
compiling stm32f4xx_hal_msp.c...
compiling stm32f4xx_hal_i2c_ex.c...
compiling stm32f4xx_hal_flash_ex.c...
compiling stm32f4xx_hal_gpio.c...
../Core/Src/main.c(190): warning: format specifies type 'unsigned long' but the argument has type 'uint32_t' (aka 'unsigned int') [-Wformat]
  190 |         sprintf(line3, "Pulses: %lu", pulse_count);
      |                                 ~~~   ^~~~~~~~~~~
      |                                 %u
../Core/Src/main.c(216): warning: format specifies type 'unsigned long' but the argument has type 'uint32_t' (aka 'unsigned int') [-Wformat]
  214 |                                                 "Speed: %.1f km/h | Period: %lu ms | Pulses: %lu\r\n",
      |                                                                             ~~~
      |                                                                             %u
  215 |                                                 speed_kmh,
  216 |                                                 pulse_period_ms,
      |                                                 ^~~~~~~~~~~~~~~
../Core/Src/main.c(217): warning: format specifies type 'unsigned long' but the argument has type 'uint32_t' (aka 'unsigned int') [-Wformat]
  214 |                                                 "Speed: %.1f km/h | Period: %lu ms | Pulses: %lu\r\n",
      |                                                                                              ~~~
      |                                                                                              %u
  215 |                                                 speed_kmh,
  216 |                                                 pulse_period_ms,
  217 |                                                 pulse_count);
      |                                                 ^~~~~~~~~~~
3 warnings generated.
compiling main.c...
compiling stm32f4xx_it.c...
compiling stm32f4xx_hal_flash.c...
compiling stm32f4xx_hal_pwr.c...
compiling stm32f4xx_hal_dma.c...
compiling stm32f4xx_hal_dma_ex.c...
compiling stm32f4xx_hal_rcc.c...
compiling stm32f4xx_hal_rcc_ex.c...
compiling stm32f4xx_hal_i2c.c...
compiling stm32f4xx_hal_pwr_ex.c...
compiling stm32f4xx_hal_cortex.c...
compiling stm32f4xx_hal.c...
compiling stm32f4xx_hal_exti.c...
compiling system_stm32f4xx.c...
compiling stm32f4xx_hal_uart.c...
compiling ssd1306_fonts.c...
compiling ssd1306.c...
linking...
Program Size: Code=19184 RO-data=6496 RW-data=12 ZI-data=2860  
FromELF: creating hex file...
"CubeMx\CubeMx.axf" - 0 Error(s), 3 Warning(s).

<h2>Software Packages used:</h2>

Package Vendor: ARM
                https://www.keil.com/pack/ARM.CMSIS.6.2.0.pack
                ARM::CMSIS@6.2.0
                CMSIS (Common Microcontroller Software Interface Standard)
   * Component: CORE Version: 6.1.1

Package Vendor: Keil
                https://www.keil.com/pack/Keil.STM32F4xx_DFP.3.1.1.pack
                Keil::STM32F4xx_DFP@3.1.1
                STMicroelectronics STM32F4 Series Device Support

<h2>Collection of Component include folders:</h2>
  ./RTE/_CubeMx
  C:/Users/vtoma/AppData/Local/Arm/Packs/ARM/CMSIS/6.2.0/CMSIS/Core/Include

<h2>Collection of Component Files used:</h2>

   * Component: ARM::CMSIS:CORE@6.1.1
      Include file:  CMSIS/Core/Include/tz_context.h
Build Time Elapsed:  00:00:02
</pre>
</body>
</html>
